[    0.000000] Linux version 4.15.0-189-generic (buildd@lcy02-amd64-039) (gcc version 7.5.0 (Ubuntu 7.5.0-3ubuntu1~18.04)) #200-Ubuntu SMP Wed Jun 22 19:53:37 UTC 2022 (Ubuntu 4.15.0-189.200-generic 4.15.18)
[    0.000000] Command line: BOOT_IMAGE=/boot/vmlinuz-4.15.0-189-generic root=LABEL=cloudimg-rootfs ro console=tty1 console=ttyS0
[    0.000000] KERNEL supported cpus:
[    0.000000]   Intel GenuineIntel
[    0.000000]   AMD AuthenticAMD
[    0.000000]   Centaur CentaurHauls
[    0.000000] x86/fpu: x87 FPU will use FXSAVE
[    0.000000] e820: BIOS-provided physical RAM map:
[    0.000000] BIOS-e820: [mem 0x0000000000000000-0x000000000009fbff] usable
[    0.000000] BIOS-e820: [mem 0x000000000009fc00-0x000000000009ffff] reserved
[    0.000000] BIOS-e820: [mem 0x00000000000f0000-0x00000000000fffff] reserved
[    0.000000] BIOS-e820: [mem 0x0000000000100000-0x000000003ffeffff] usable
[    0.000000] BIOS-e820: [mem 0x000000003fff0000-0x000000003fffffff] ACPI data
[    0.000000] BIOS-e820: [mem 0x00000000fec00000-0x00000000fec00fff] reserved
[    0.000000] BIOS-e820: [mem 0x00000000fee00000-0x00000000fee00fff] reserved
[    0.000000] BIOS-e820: [mem 0x00000000fffc0000-0x00000000ffffffff] reserved
[    0.000000] NX (Execute Disable) protection: active
[    0.000000] SMBIOS 2.5 present.
[    0.000000] DMI: innotek GmbH VirtualBox/VirtualBox, BIOS VirtualBox 12/01/2006
[    0.000000] Hypervisor detected: KVM
[    0.000000] e820: last_pfn = 0x3fff0 max_arch_pfn = 0x400000000
[    0.000000] MTRR: Disabled
[    0.000000] x86/PAT: MTRRs disabled, skipping PAT initialization too.
[    0.000000] CPU MTRRs all blank - virtualized system.
[    0.000000] x86/PAT: Configuration [0-7]: WB  WT  UC- UC  WB  WT  UC- UC  
[    0.000000] found SMP MP-table at [mem 0x0009fff0-0x0009ffff]
[    0.000000] Scanning 1 areas for low memory corruption
[    0.000000] RAMDISK: [mem 0x359c7000-0x36cdafff]
[    0.000000] ACPI: Early table checksum verification disabled
[    0.000000] ACPI: RSDP 0x00000000000E0000 000024 (v02 VBOX  )
[    0.000000] ACPI: XSDT 0x000000003FFF0030 00003C (v01 VBOX   VBOXXSDT 00000001 ASL  00000061)
[    0.000000] ACPI: FACP 0x000000003FFF00F0 0000F4 (v04 VBOX   VBOXFACP 00000001 ASL  00000061)
[    0.000000] ACPI: DSDT 0x000000003FFF0470 002325 (v02 VBOX   VBOXBIOS 00000002 INTL 20100528)
[    0.000000] ACPI: FACS 0x000000003FFF0200 000040
[    0.000000] ACPI: FACS 0x000000003FFF0200 000040
[    0.000000] ACPI: APIC 0x000000003FFF0240 00005C (v02 VBOX   VBOXAPIC 00000001 ASL  00000061)
[    0.000000] ACPI: SSDT 0x000000003FFF02A0 0001CC (v01 VBOX   VBOXCPUT 00000002 INTL 20100528)
[    0.000000] ACPI: Reserving FACP table memory at [mem 0x3fff00f0-0x3fff01e3]
[    0.000000] ACPI: Reserving DSDT table memory at [mem 0x3fff0470-0x3fff2794]
[    0.000000] ACPI: Reserving FACS table memory at [mem 0x3fff0200-0x3fff023f]
[    0.000000] ACPI: Reserving FACS table memory at [mem 0x3fff0200-0x3fff023f]
[    0.000000] ACPI: Reserving APIC table memory at [mem 0x3fff0240-0x3fff029b]
[    0.000000] ACPI: Reserving SSDT table memory at [mem 0x3fff02a0-0x3fff046b]
[    0.000000] No NUMA configuration found
[    0.000000] Faking a node at [mem 0x0000000000000000-0x000000003ffeffff]
[    0.000000] NODE_DATA(0) allocated [mem 0x3ffc5000-0x3ffeffff]
[    0.000000] kvm-clock: cpu 0, msr 0:3ff44001, primary cpu clock
[    0.000000] kvm-clock: Using msrs 4b564d01 and 4b564d00
[    0.000000] kvm-clock: using sched offset of 5913129329 cycles
[    0.000000] clocksource: kvm-clock: mask: 0xffffffffffffffff max_cycles: 0x1cd42e4dffb, max_idle_ns: 881590591483 ns
[    0.000000] Zone ranges:
[    0.000000]   DMA      [mem 0x0000000000001000-0x0000000000ffffff]
[    0.000000]   DMA32    [mem 0x0000000001000000-0x000000003ffeffff]
[    0.000000]   Normal   empty
[    0.000000]   Device   empty
[    0.000000] Movable zone start for each node
[    0.000000] Early memory node ranges
[    0.000000]   node   0: [mem 0x0000000000001000-0x000000000009efff]
[    0.000000]   node   0: [mem 0x0000000000100000-0x000000003ffeffff]
[    0.000000] Reserved but unavailable: 104 pages
[    0.000000] Initmem setup node 0 [mem 0x0000000000001000-0x000000003ffeffff]
[    0.000000] ACPI: PM-Timer IO Port: 0x4008
[    0.000000] IOAPIC[0]: apic_id 2, version 32, address 0xfec00000, GSI 0-23
[    0.000000] ACPI: INT_SRC_OVR (bus 0 bus_irq 0 global_irq 2 dfl dfl)
[    0.000000] ACPI: INT_SRC_OVR (bus 0 bus_irq 9 global_irq 9 low level)
[    0.000000] Using ACPI (MADT) for SMP configuration information
[    0.000000] smpboot: Allowing 2 CPUs, 0 hotplug CPUs
[    0.000000] PM: Registered nosave memory: [mem 0x00000000-0x00000fff]
[    0.000000] PM: Registered nosave memory: [mem 0x0009f000-0x0009ffff]
[    0.000000] PM: Registered nosave memory: [mem 0x000a0000-0x000effff]
[    0.000000] PM: Registered nosave memory: [mem 0x000f0000-0x000fffff]
[    0.000000] e820: [mem 0x40000000-0xfebfffff] available for PCI devices
[    0.000000] Booting paravirtualized kernel on KVM
[    0.000000] clocksource: refined-jiffies: mask: 0xffffffff max_cycles: 0xffffffff, max_idle_ns: 7645519600211568 ns
[    0.000000] random: get_random_bytes called from start_kernel+0x99/0x500 with crng_init=0
[    0.000000] setup_percpu: NR_CPUS:8192 nr_cpumask_bits:2 nr_cpu_ids:2 nr_node_ids:1
[    0.000000] percpu: Embedded 50 pages/cpu s167936 r8192 d28672 u1048576
[    0.000000] PV qspinlock hash table entries: 256 (order: 0, 4096 bytes)
[    0.000000] Built 1 zonelists, mobility grouping on.  Total pages: 257913
[    0.000000] Policy zone: DMA32
[    0.000000] Kernel command line: BOOT_IMAGE=/boot/vmlinuz-4.15.0-189-generic root=LABEL=cloudimg-rootfs ro console=tty1 console=ttyS0
[    0.000000] Memory: 982640K/1048120K available (12300K kernel code, 2484K rwdata, 4324K rodata, 2468K init, 2724K bss, 65480K reserved, 0K cma-reserved)
[    0.000000] SLUB: HWalign=64, Order=0-3, MinObjects=0, CPUs=2, Nodes=1
[    0.000000] ftrace: allocating 39515 entries in 155 pages
[    0.004000] Hierarchical RCU implementation.
[    0.004000] 	RCU restricting CPUs from NR_CPUS=8192 to nr_cpu_ids=2.
[    0.004000] 	Tasks RCU enabled.
[    0.004000] RCU: Adjusting geometry for rcu_fanout_leaf=16, nr_cpu_ids=2
[    0.004000] NR_IRQS: 524544, nr_irqs: 440, preallocated irqs: 16
[    0.004000] Console: colour VGA+ 80x25
[    0.004000] console [tty1] enabled
[    0.004000] console [ttyS0] enabled
[    0.004000] ACPI: Core revision 20170831
[    0.004000] ACPI: 2 ACPI AML tables successfully acquired and loaded
[    0.004000] APIC: Switch to symmetric I/O mode setup
[    0.004000] ..TIMER: vector=0x30 apic1=0 pin1=2 apic2=-1 pin2=-1
[    0.004000] tsc: Detected 1689.600 MHz processor
[    0.004000] Calibrating delay loop (skipped) preset value.. 3379.20 BogoMIPS (lpj=6758400)
[    0.004000] pid_max: default: 32768 minimum: 301
[    0.004000] Security Framework initialized
[    0.004000] Yama: becoming mindful.
[    0.004000] AppArmor: AppArmor initialized
[    0.004000] Dentry cache hash table entries: 131072 (order: 8, 1048576 bytes)
[    0.004000] Inode-cache hash table entries: 65536 (order: 7, 524288 bytes)
[    0.004000] Mount-cache hash table entries: 2048 (order: 2, 16384 bytes)
[    0.004000] Mountpoint-cache hash table entries: 2048 (order: 2, 16384 bytes)
[    0.008129] Last level iTLB entries: 4KB 0, 2MB 0, 4MB 0
[    0.012000] Last level dTLB entries: 4KB 0, 2MB 0, 4MB 0, 1GB 0
[    0.012000] Spectre V1 : Mitigation: usercopy/swapgs barriers and __user pointer sanitization
[    0.012000] Spectre V2 : Mitigation: Enhanced IBRS
[    0.012000] Spectre V2 : Spectre v2 / SpectreRSB mitigation: Filling RSB on context switch
[    0.012000] Speculative Store Bypass: Vulnerable
[    0.012000] Freeing SMP alternatives memory: 36K
[    0.024000] APIC calibration not consistent with PM-Timer: 107ms instead of 100ms
[    0.024000] APIC delta adjusted to PM-Timer: 6402574 (6851814)
[    0.024000] smpboot: CPU0: 11th Gen Intel(R) Core(TM) i7-1165G7 @ 2.80GHz (family: 0x6, model: 0x8c, stepping: 0x1)
[    0.024000] Performance Events: unsupported p6 CPU model 140 no PMU driver, software events only.
[    0.024000] Hierarchical SRCU implementation.
[    0.024000] NMI watchdog: Perf event create on CPU 0 failed with -2
[    0.024000] NMI watchdog: Perf NMI watchdog permanently disabled
[    0.024000] smp: Bringing up secondary CPUs ...
[    0.024000] x86: Booting SMP configuration:
[    0.024000] .... node  #0, CPUs:      #1
[    0.004000] kvm-clock: cpu 1, msr 0:3ff44041, secondary cpu clock
[    0.036000] TSC synchronization [CPU#0 -> CPU#1]:
[    0.036000] Measured 52863 cycles TSC warp between CPUs, turning off TSC clock.
[    0.036000] tsc: Marking TSC unstable due to check_tsc_sync_source failed
[    0.040370] smp: Brought up 1 node, 2 CPUs
[    0.044000] smpboot: Max logical packages: 1
[    0.044000] smpboot: Total of 2 processors activated (6758.40 BogoMIPS)
[    0.045091] devtmpfs: initialized
[    0.048000] x86/mm: Memory block size: 128MB
[    0.048000] evm: security.selinux
[    0.048000] evm: security.SMACK64
[    0.048000] evm: security.SMACK64EXEC
[    0.048000] evm: security.SMACK64TRANSMUTE
[    0.048000] evm: security.SMACK64MMAP
[    0.048000] evm: security.apparmor
[    0.048000] evm: security.ima
[    0.048000] evm: security.capability
[    0.048860] clocksource: jiffies: mask: 0xffffffff max_cycles: 0xffffffff, max_idle_ns: 7645041785100000 ns
[    0.052000] futex hash table entries: 512 (order: 3, 32768 bytes)
[    0.052000] pinctrl core: initialized pinctrl subsystem
[    0.052000] RTC time: 22:26:27, date: 08/17/22
[    0.052000] NET: Registered protocol family 16
[    0.052000] audit: initializing netlink subsys (disabled)
[    0.052226] audit: type=2000 audit(1660775193.972:1): state=initialized audit_enabled=0 res=1
[    0.080030] cpuidle: using governor ladder
[    0.084000] cpuidle: using governor menu
[    0.084000] ACPI: bus type PCI registered
[    0.084000] acpiphp: ACPI Hot Plug PCI Controller Driver version: 0.5
[    0.084000] PCI: Using configuration type 1 for base access
[    0.092992] HugeTLB registered 2.00 MiB page size, pre-allocated 0 pages
[    0.100963] ACPI: Added _OSI(Module Device)
[    0.104000] ACPI: Added _OSI(Processor Device)
[    0.104000] ACPI: Added _OSI(3.0 _SCP Extensions)
[    0.104000] ACPI: Added _OSI(Processor Aggregator Device)
[    0.104000] ACPI: Added _OSI(Linux-Dell-Video)
[    0.104000] ACPI: Added _OSI(Linux-Lenovo-NV-HDMI-Audio)
[    0.104000] ACPI: Added _OSI(Linux-HPI-Hybrid-Graphics)
[    0.105258] ACPI: Executed 1 blocks of module-level executable AML code
[    0.113487] ACPI: Interpreter enabled
[    0.116000] ACPI: (supports S0 S5)
[    0.116000] ACPI: Using IOAPIC for interrupt routing
[    0.116754] PCI: Using host bridge windows from ACPI; if necessary, use "pci=nocrs" and report a bug
[    0.120000] ACPI: Enabled 2 GPEs in block 00 to 07
[    0.140172] ACPI: PCI Root Bridge [PCI0] (domain 0000 [bus 00-ff])
[    0.144000] acpi PNP0A03:00: _OSC: OS supports [ASPM ClockPM Segments MSI]
[    0.145306] acpi PNP0A03:00: _OSC: not requesting OS control; OS requires [ExtendedConfig ASPM ClockPM MSI]
[    0.148000] acpi PNP0A03:00: fail to add MMCONFIG information, can't access extended PCI configuration space under this bridge.
[    0.149398] PCI host bridge to bus 0000:00
[    0.152000] pci_bus 0000:00: root bus resource [io  0x0000-0x0cf7 window]
[    0.152000] pci_bus 0000:00: root bus resource [io  0x0d00-0xffff window]
[    0.152000] pci_bus 0000:00: root bus resource [mem 0x000a0000-0x000bffff window]
[    0.152000] pci_bus 0000:00: root bus resource [mem 0x40000000-0xfdffffff window]
[    0.152000] pci_bus 0000:00: root bus resource [bus 00-ff]
[    0.159332] pci 0000:00:01.1: legacy IDE quirk: reg 0x10: [io  0x01f0-0x01f7]
[    0.160000] pci 0000:00:01.1: legacy IDE quirk: reg 0x14: [io  0x03f6]
[    0.160000] pci 0000:00:01.1: legacy IDE quirk: reg 0x18: [io  0x0170-0x0177]
[    0.160000] pci 0000:00:01.1: legacy IDE quirk: reg 0x1c: [io  0x0376]
[    0.180000] pci 0000:00:07.0: quirk: [io  0x4000-0x403f] claimed by PIIX4 ACPI
[    0.180000] pci 0000:00:07.0: quirk: [io  0x4100-0x410f] claimed by PIIX4 SMB
[    0.202626] ACPI: PCI Interrupt Link [LNKA] (IRQs 5 9 10 *11)
[    0.204658] ACPI: PCI Interrupt Link [LNKB] (IRQs 5 9 *10 11)
[    0.208000] ACPI: PCI Interrupt Link [LNKC] (IRQs 5 *9 10 11)
[    0.208000] ACPI: PCI Interrupt Link [LNKD] (IRQs 5 9 10 *11)
[    0.208000] SCSI subsystem initialized
[    0.208521] pci 0000:00:02.0: vgaarb: setting as boot VGA device
[    0.212000] pci 0000:00:02.0: vgaarb: VGA device added: decodes=io+mem,owns=io+mem,locks=none
[    0.212000] pci 0000:00:02.0: vgaarb: bridge control possible
[    0.212000] vgaarb: loaded
[    0.212000] ACPI: bus type USB registered
[    0.212000] usbcore: registered new interface driver usbfs
[    0.212000] usbcore: registered new interface driver hub
[    0.212000] usbcore: registered new device driver usb
[    0.212279] EDAC MC: Ver: 3.0.0
[    0.220605] PCI: Using ACPI for IRQ routing
[    0.224000] NetLabel: Initializing
[    0.224000] NetLabel:  domain hash size = 128
[    0.224000] NetLabel:  protocols = UNLABELED CIPSOv4 CALIPSO
[    0.224000] NetLabel:  unlabeled traffic allowed by default
[    0.224343] clocksource: Switched to clocksource kvm-clock
[    0.228000] VFS: Disk quotas dquot_6.6.0
[    0.228000] VFS: Dquot-cache hash table entries: 512 (order 0, 4096 bytes)
[    0.228000] AppArmor: AppArmor Filesystem Enabled
[    0.228000] pnp: PnP ACPI init
[    0.343071] pnp: PnP ACPI: found 3 devices
[    0.429095] clocksource: acpi_pm: mask: 0xffffff max_cycles: 0xffffff, max_idle_ns: 2085701024 ns
[    0.433005] NET: Registered protocol family 2
[    0.433005] IP idents hash table entries: 16384 (order: 5, 131072 bytes)
[    0.463392] TCP established hash table entries: 8192 (order: 4, 65536 bytes)
[    0.467210] TCP bind hash table entries: 8192 (order: 5, 131072 bytes)
[    0.467210] TCP: Hash tables configured (established 8192 bind 8192)
[    0.467210] UDP hash table entries: 512 (order: 2, 16384 bytes)
[    0.467210] UDP-Lite hash table entries: 512 (order: 2, 16384 bytes)
[    0.467210] NET: Registered protocol family 1
[    0.467210] pci 0000:00:00.0: Limiting direct PCI/PCI transfers
[    0.467210] pci 0000:00:01.0: Activating ISA DMA hang workarounds
[    0.467210] pci 0000:00:02.0: Video device with shadowed ROM at [mem 0x000c0000-0x000dffff]
[    0.467210] Unpacking initramfs...
[    0.467210] Freeing initrd memory: 19536K
[    0.467210] clocksource: tsc: mask: 0xffffffffffffffff max_cycles: 0x185ac6cdb26, max_idle_ns: 440795262339 ns
[    0.467210] platform rtc_cmos: registered platform RTC device (no PNP device found)
[    0.467210] Scanning for low memory corruption every 60 seconds
[    1.573442] Initialise system trusted keyrings
[    1.576576] Key type blacklist registered
[    1.598096] workingset: timestamp_bits=36 max_order=18 bucket_order=0
[    1.601874] zbud: loaded
[    1.630632] squashfs: version 4.0 (2009/01/31) Phillip Lougher
[    1.645880] fuse init (API version 7.26)
[    1.672311] Key type asymmetric registered
[    1.676438] Asymmetric key parser 'x509' registered
[    1.684515] Block layer SCSI generic (bsg) driver version 0.4 loaded (major 246)
[    1.717424] io scheduler noop registered
[    1.721133] io scheduler deadline registered
[    1.721133] io scheduler cfq registered (default)
[    1.751698] ACPI: AC Adapter [AC] (off-line)
[    1.755551] input: Power Button as /devices/LNXSYSTM:00/LNXPWRBN:00/input/input0
[    1.776455] ACPI: Power Button [PWRF]
[    1.789083] input: Sleep Button as /devices/LNXSYSTM:00/LNXSLPBN:00/input/input1
[    1.792064] ACPI: Sleep Button [SLPF]
[    1.818892] Serial: 8250/16550 driver, 32 ports, IRQ sharing enabled
[    1.821767] ACPI: Battery Slot [BAT0] (battery present)
[    1.882392] 00:02: ttyS0 at I/O 0x3f8 (irq = 4, base_baud = 115200) is a 16550A
[    1.884186] Linux agpgart interface v0.103
[    1.919361] loop: module loaded
[    1.933930] scsi host0: ata_piix
[    1.945346] scsi host1: ata_piix
[    1.948905] ata1: PATA max UDMA/33 cmd 0x1f0 ctl 0x3f6 bmdma 0xd000 irq 14
[    1.948905] ata2: PATA max UDMA/33 cmd 0x170 ctl 0x376 bmdma 0xd008 irq 15
[    1.948905] tun: Universal TUN/TAP device driver, 1.6
[    1.992450] PPP generic driver version 2.4.2
[    1.992450] ehci_hcd: USB 2.0 'Enhanced' Host Controller (EHCI) Driver
[    1.992450] ehci-pci: EHCI PCI platform driver
[    1.992450] ehci-platform: EHCI generic platform driver
[    1.992450] ohci_hcd: USB 1.1 'Open' Host Controller (OHCI) Driver
[    1.992450] ohci-pci: OHCI PCI platform driver
[    1.992450] ohci-platform: OHCI generic platform driver
[    1.992450] uhci_hcd: USB Universal Host Controller Interface driver
[    1.992450] i8042: PNP: PS/2 Controller [PNP0303:PS2K,PNP0f03:PS2M] at 0x60,0x64 irq 1,12
[    2.130969] serio: i8042 KBD port at 0x60,0x64 irq 1
[    2.131340] serio: i8042 AUX port at 0x60,0x64 irq 12
[    2.131340] mousedev: PS/2 mouse device common for all mice
[    2.173717] rtc_cmos rtc_cmos: rtc core: registered rtc_cmos as rtc0
[    2.175167] rtc_cmos rtc_cmos: alarms up to one day, 114 bytes nvram
[    2.205322] i2c /dev entries driver
[    2.205322] device-mapper: uevent: version 1.0.3
[    2.205322] device-mapper: ioctl: 4.37.0-ioctl (2017-09-20) initialised: dm-devel@redhat.com
[    2.248240] input: AT Translated Set 2 keyboard as /devices/platform/i8042/serio0/input/input2
[    2.263915] ledtrig-cpu: registered to indicate activity on CPUs
[    2.280594] NET: Registered protocol family 10
[    2.302672] Segment Routing with IPv6
[    2.308297] NET: Registered protocol family 17
[    2.317463] Key type dns_resolver registered
[    2.325582] mce: Using 0 MCE banks
[    2.329407] RAS: Correctable Errors collector initialized.
[    2.329407] sched_clock: Marking stable (2325407988, 0)->(4686975486, -2361567498)
[    2.357118] registered taskstats version 1
[    2.365883] Loading compiled-in X.509 certificates
[    2.384031] Loaded X.509 cert 'Build time autogenerated kernel key: 9c4811ffd453f4b0c13447eb15d717d926dfaff5'
[    2.404260] Loaded X.509 cert 'Canonical Ltd. Live Patch Signing: 14df34d1a87cf37625abec039ef2bf521249b969'
[    2.430069] Loaded X.509 cert 'Canonical Ltd. Kernel Module Signing: 88f752e560a1e0737e31163a466ad7b70a850c19'
[    2.452037] blacklist: Loading compiled-in revocation X.509 certificates
[    2.462888] Loaded X.509 cert 'Canonical Ltd. Secure Boot Signing: 61482aa2830d0ab2ad5af10b7250da9033ddcef0'
[    2.485336] zswap: loaded using pool lzo/zbud
[    2.513668] Key type big_key registered
[    2.520245] Key type trusted registered
[    2.535771] Key type encrypted registered
[    2.546475] AppArmor: AppArmor sha1 policy hashing enabled
[    2.553779] ima: No TPM chip found, activating TPM-bypass! (rc=-19)
[    2.560566] ima: Allocated hash algorithm: sha1
[    2.569127] evm: HMAC attrs: 0x1
[    2.580968]   Magic number: 2:1:452
[    2.591681] rtc_cmos rtc_cmos: setting system clock to 2022-08-17 22:26:30 UTC (1660775190)
[    2.612201] BIOS EDD facility v0.16 2004-Jun-25, 0 devices found
[    2.628982] EDD information not available.
[    2.648397] Freeing unused kernel image memory: 2468K
[    2.680888] Write protecting the kernel read-only data: 20480k
[    2.692874] Freeing unused kernel image memory: 2008K
[    2.706449] Freeing unused kernel image memory: 1820K
[    2.729755] x86/mm: Checked W+X mappings: passed, no W+X pages found.
Loading, please wait...
starting version 237
